// Jest Snapshot v1, https://goo.gl/fbAQLP

exports[`testing the gallery matches the snapshot 1`] = `
<div
  className="Gallery"
>
  <div
    className="Thumbnail"
    onClick={[Function]}
  >
    <div
      className="SmallPoster"
    >
      <svg
        height={380}
        name="Jamesbond"
        width={285.0712678169542}
      >
        jamesbond.svg
      </svg>
    </div>
  </div>
  <div
    className="Thumbnail"
    onClick={[Function]}
  >
    <div
      className="SmallPoster"
    >
      <svg
        height={380}
        name="Inception"
        width={285.0712678169542}
      >
        inception.svg
      </svg>
    </div>
  </div>
  <div
    className="Thumbnail"
    onClick={[Function]}
  >
    <div
      className="SmallPoster"
    >
      <svg
        height={380}
        name="Interstellar"
        width={285.0712678169542}
      >
        interstellar.svg
      </svg>
    </div>
  </div>
  <div
    className="Thumbnail"
    onClick={[Function]}
  >
    <div
      className="SmallPoster"
    >
      <svg
        height={380}
        name="Batman"
        width={285.0712678169542}
      >
        batman.svg
      </svg>
    </div>
  </div>
  <div
    className="Thumbnail"
    onClick={[Function]}
  >
    <div
      className="SmallPoster"
    >
      <svg
        height={380}
        name="Shawshank"
        width={285.0712678169542}
      >
        shawshank.svg
      </svg>
    </div>
  </div>
  <div
    className="Thumbnail"
    onClick={[Function]}
  >
    <div
      className="SmallPoster"
    >
      <svg
        height={380}
        name="Starwars"
        width={285.0712678169542}
      >
        starwars.svg
      </svg>
    </div>
  </div>
</div>
`;
